nohup: ignoring input
W0730 02:02:26.544000 2217084 site-packages/torch/distributed/run.py:792] 
W0730 02:02:26.544000 2217084 site-packages/torch/distributed/run.py:792] *****************************************
W0730 02:02:26.544000 2217084 site-packages/torch/distributed/run.py:792] Setting OMP_NUM_THREADS environment variable for each process to be 1 in default, to avoid your system being overloaded, please further tune the variable for optimal performance in your application as needed. 
W0730 02:02:26.544000 2217084 site-packages/torch/distributed/run.py:792] *****************************************
[BlendedMVSDataset] 113 个场景 × 4, S∈[3,5], 452 个样本
batch shape: torch.Size([4, 3, 3, 224, 224]) (B=4, S=3)
[BlendedMVSDataset] 113 个场景 × 4, S∈[3,5], 452 个样本
[BlendedMVSDataset] 113 个场景 × 4, S∈[3,5], 452 个样本
[BlendedMVSDataset] 113 个场景 × 4, S∈[3,5], 452 个样本
参数数量: 111.7M
✅ Forward pass 成功! loss=1.341653, pred=torch.Size([12, 196, 768]), mask_rate=0.750
wandb: Using wandb-core as the SDK backend.  Please refer to https://wandb.me/wandb-core for more information.
wandb: Currently logged in as: 3222703726 (3222703726-huazhong-university-of-science-and-technology) to https://api.wandb.ai. Use `wandb login --relogin` to force relogin
wandb: creating run
wandb: Tracking run with wandb version 0.19.9
wandb: Run data is saved locally in /data/data_taohy/modelReShow/mum/wandb/run-20260730_020237-8ahfwa8m
wandb: Run `wandb offline` to turn off syncing.
wandb: Syncing run mum_vit_base_S3-5_steps500k
wandb: ⭐️ View project at https://wandb.ai/3222703726-huazhong-university-of-science-and-technology/MuM
wandb: 🚀 View run at https://wandb.ai/3222703726-huazhong-university-of-science-and-technology/MuM/runs/8ahfwa8m
[BlendedMVSDataset] 113 个场景 × 4, S∈[3,5], 452 个样本
设备: cuda:0, GPU数: 4, 场景数: 113, 样本数: 452, S∈[3,5], AMP=bf16
有效 batch: 32, 总优化步数: 500000, warmup: 1000
模型: vit_base, norm_layer: layernormbf16
[step     50/500000] loss=1.0794 | lr=7.65e-06 | 88.6s
[step    100/500000] loss=0.9420 | lr=1.51e-05 | 86.2s
[step    150/500000] loss=0.8765 | lr=2.26e-05 | 85.9s
[step    200/500000] loss=0.8327 | lr=3.01e-05 | 84.7s
[step    250/500000] loss=0.8463 | lr=3.76e-05 | 83.2s
[step    300/500000] loss=0.7973 | lr=4.51e-05 | 85.8s
[step    350/500000] loss=0.7957 | lr=5.26e-05 | 84.5s
[step    400/500000] loss=0.7871 | lr=6.01e-05 | 86.0s
[step    450/500000] loss=0.7694 | lr=6.76e-05 | 86.3s
[step    500/500000] loss=0.7496 | lr=7.51e-05 | 88.6s
[step    550/500000] loss=0.7426 | lr=8.27e-05 | 84.9s
[step    600/500000] loss=0.7174 | lr=9.01e-05 | 86.7s
[step    650/500000] loss=0.7153 | lr=9.76e-05 | 86.2s
[step    700/500000] loss=0.6950 | lr=1.05e-04 | 85.6s
[step    750/500000] loss=0.6946 | lr=1.13e-04 | 86.6s
[step    800/500000] loss=0.6970 | lr=1.20e-04 | 86.6s
[step    850/500000] loss=0.6856 | lr=1.28e-04 | 84.4s
[step    900/500000] loss=0.6775 | lr=1.35e-04 | 87.6s
[step    950/500000] loss=0.7006 | lr=1.43e-04 | 84.3s
[step   1000/500000] loss=0.6690 | lr=1.50e-04 | 87.3s
[step   1050/500000] loss=0.6717 | lr=1.50e-04 | 85.3s
[step   1100/500000] loss=0.6642 | lr=1.50e-04 | 85.0s
[step   1150/500000] loss=0.6417 | lr=1.50e-04 | 85.1s
[step   1200/500000] loss=0.6699 | lr=1.50e-04 | 87.2s
[step   1250/500000] loss=0.6455 | lr=1.50e-04 | 85.1s
[step   1300/500000] loss=0.6662 | lr=1.50e-04 | 84.4s
[step   1350/500000] loss=0.6541 | lr=1.50e-04 | 84.5s
[step   1400/500000] loss=0.6319 | lr=1.50e-04 | 84.0s
[step   1450/500000] loss=0.6375 | lr=1.50e-04 | 88.1s
[step   1500/500000] loss=0.6599 | lr=1.50e-04 | 88.3s
[step   1550/500000] loss=0.6279 | lr=1.50e-04 | 86.0s
[step   1600/500000] loss=0.6337 | lr=1.50e-04 | 84.0s
[step   1650/500000] loss=0.6396 | lr=1.50e-04 | 86.5s
[step   1700/500000] loss=0.6371 | lr=1.50e-04 | 86.1s
[step   1750/500000] loss=0.6329 | lr=1.50e-04 | 85.2s
[step   1800/500000] loss=0.6252 | lr=1.50e-04 | 85.0s
  💾 Checkpoint → /data/data_taohy/modelReShow/mum/checkpoints/mum_0730-020235_step1800.pth
wandb: WARNING Saving files without folders. If you want to preserve subdirectories pass base_path to wandb.save, i.e. wandb.save("/mnt/folder/file.h5", base_path="/mnt")
[step   1850/500000] loss=0.6389 | lr=1.50e-04 | 85.4s
[step   1900/500000] loss=0.6125 | lr=1.50e-04 | 86.6s
[step   1950/500000] loss=0.6386 | lr=1.50e-04 | 87.5s
[step   2000/500000] loss=0.6214 | lr=1.50e-04 | 84.5s
[step   2050/500000] loss=0.6365 | lr=1.50e-04 | 87.0s
[step   2100/500000] loss=0.6242 | lr=1.50e-04 | 87.0s
[step   2150/500000] loss=0.6134 | lr=1.50e-04 | 86.8s
[step   2200/500000] loss=0.6131 | lr=1.50e-04 | 85.8s
[step   2250/500000] loss=0.6097 | lr=1.50e-04 | 86.6s
[step   2300/500000] loss=0.6157 | lr=1.50e-04 | 87.2s
[step   2350/500000] loss=0.6236 | lr=1.50e-04 | 86.1s
[step   2400/500000] loss=0.6349 | lr=1.50e-04 | 85.1s
[step   2450/500000] loss=0.5982 | lr=1.50e-04 | 87.2s
[step   2500/500000] loss=0.6256 | lr=1.50e-04 | 85.2s
[step   2550/500000] loss=0.6028 | lr=1.50e-04 | 86.1s
[step   2600/500000] loss=0.6097 | lr=1.50e-04 | 86.6s
[step   2650/500000] loss=0.6013 | lr=1.50e-04 | 87.5s
[step   2700/500000] loss=0.6202 | lr=1.50e-04 | 84.3s
[step   2750/500000] loss=0.5717 | lr=1.50e-04 | 85.0s
[step   2800/500000] loss=0.6095 | lr=1.50e-04 | 85.3s
[step   2850/500000] loss=0.6150 | lr=1.50e-04 | 87.7s
[step   2900/500000] loss=0.6025 | lr=1.50e-04 | 84.6s
[step   2950/500000] loss=0.5922 | lr=1.50e-04 | 87.2s
[step   3000/500000] loss=0.6026 | lr=1.50e-04 | 84.0s
[step   3050/500000] loss=0.5939 | lr=1.50e-04 | 85.9s
[step   3100/500000] loss=0.6200 | lr=1.50e-04 | 86.3s
[step   3150/500000] loss=0.5801 | lr=1.50e-04 | 85.0s
[step   3200/500000] loss=0.5881 | lr=1.50e-04 | 86.4s
[step   3250/500000] loss=0.5884 | lr=1.50e-04 | 85.1s
[step   3300/500000] loss=0.5823 | lr=1.50e-04 | 85.9s
[step   3350/500000] loss=0.5951 | lr=1.50e-04 | 87.4s
[step   3400/500000] loss=0.5845 | lr=1.50e-04 | 85.2s
[step   3450/500000] loss=0.5834 | lr=1.50e-04 | 87.2s
[step   3500/500000] loss=0.6088 | lr=1.50e-04 | 86.8s
[step   3550/500000] loss=0.6254 | lr=1.50e-04 | 85.3s
[step   3600/500000] loss=0.5703 | lr=1.50e-04 | 86.7s
  💾 Checkpoint → /data/data_taohy/modelReShow/mum/checkpoints/mum_0730-020235_step3600.pth
[step   3650/500000] loss=0.5870 | lr=1.50e-04 | 88.7s
[step   3700/500000] loss=0.5697 | lr=1.50e-04 | 85.3s
[step   3750/500000] loss=0.5854 | lr=1.50e-04 | 84.2s
[step   3800/500000] loss=0.5829 | lr=1.50e-04 | 86.1s
[step   3850/500000] loss=0.6097 | lr=1.50e-04 | 86.2s
[step   3900/500000] loss=0.5935 | lr=1.50e-04 | 84.1s
[step   3950/500000] loss=0.5689 | lr=1.50e-04 | 85.2s
[step   4000/500000] loss=0.5713 | lr=1.50e-04 | 85.4s
[step   4050/500000] loss=0.5827 | lr=1.50e-04 | 86.2s
[step   4100/500000] loss=0.5832 | lr=1.50e-04 | 85.9s
[step   4150/500000] loss=0.5958 | lr=1.50e-04 | 86.8s
[step   4200/500000] loss=0.5882 | lr=1.50e-04 | 84.7s
[step   4250/500000] loss=0.5665 | lr=1.50e-04 | 87.2s
[step   4300/500000] loss=0.5869 | lr=1.50e-04 | 87.4s
[step   4350/500000] loss=0.6125 | lr=1.50e-04 | 85.2s
[step   4400/500000] loss=0.6063 | lr=1.50e-04 | 85.0s
[step   4450/500000] loss=0.5602 | lr=1.50e-04 | 86.5s
[step   4500/500000] loss=0.5863 | lr=1.50e-04 | 85.1s
[step   4550/500000] loss=0.5763 | lr=1.50e-04 | 86.2s
[step   4600/500000] loss=0.5697 | lr=1.50e-04 | 85.7s
[step   4650/500000] loss=0.5969 | lr=1.50e-04 | 85.4s
[step   4700/500000] loss=0.5803 | lr=1.50e-04 | 85.2s
[step   4750/500000] loss=0.5586 | lr=1.50e-04 | 86.7s
[step   4800/500000] loss=0.5804 | lr=1.50e-04 | 87.5s
[step   4850/500000] loss=0.5870 | lr=1.50e-04 | 86.7s
[step   4900/500000] loss=0.5836 | lr=1.50e-04 | 84.8s
[step   4950/500000] loss=0.5629 | lr=1.50e-04 | 87.1s
[step   5000/500000] loss=0.5844 | lr=1.50e-04 | 86.7s
[step   5050/500000] loss=0.5608 | lr=1.50e-04 | 84.4s
[step   5100/500000] loss=0.5860 | lr=1.50e-04 | 79.3s
[step   5150/500000] loss=0.6014 | lr=1.50e-04 | 52.8s
[step   5200/500000] loss=0.5567 | lr=1.50e-04 | 53.8s
[step   5250/500000] loss=0.6005 | lr=1.50e-04 | 53.0s
[step   5300/500000] loss=0.5802 | lr=1.50e-04 | 53.2s
[step   5350/500000] loss=0.5733 | lr=1.50e-04 | 55.2s
[step   5400/500000] loss=0.5697 | lr=1.50e-04 | 53.9s
  💾 Checkpoint → /data/data_taohy/modelReShow/mum/checkpoints/mum_0730-020235_step5400.pth
[step   5450/500000] loss=0.5835 | lr=1.50e-04 | 55.0s
[step   5500/500000] loss=0.5746 | lr=1.50e-04 | 53.4s
[step   5550/500000] loss=0.5869 | lr=1.50e-04 | 54.2s
[step   5600/500000] loss=0.5834 | lr=1.50e-04 | 54.0s
[step   5650/500000] loss=0.5629 | lr=1.50e-04 | 54.6s
[step   5700/500000] loss=0.5682 | lr=1.50e-04 | 55.2s
[step   5750/500000] loss=0.5862 | lr=1.50e-04 | 54.5s
[step   5800/500000] loss=0.5776 | lr=1.50e-04 | 54.9s
[step   5850/500000] loss=0.5769 | lr=1.50e-04 | 52.2s
[step   5900/500000] loss=0.5613 | lr=1.50e-04 | 54.7s
[step   5950/500000] loss=0.5850 | lr=1.50e-04 | 54.6s
[step   6000/500000] loss=0.5669 | lr=1.50e-04 | 54.4s
[step   6050/500000] loss=0.5381 | lr=1.50e-04 | 54.6s
[step   6100/500000] loss=0.6017 | lr=1.50e-04 | 52.7s
[step   6150/500000] loss=0.5759 | lr=1.50e-04 | 53.9s
[step   6200/500000] loss=0.5860 | lr=1.50e-04 | 54.1s
[step   6250/500000] loss=0.5433 | lr=1.50e-04 | 54.6s
[step   6300/500000] loss=0.5554 | lr=1.50e-04 | 53.9s
[step   6350/500000] loss=0.5629 | lr=1.50e-04 | 54.1s
[step   6400/500000] loss=0.5583 | lr=1.50e-04 | 55.4s
[step   6450/500000] loss=0.5462 | lr=1.50e-04 | 53.8s
[step   6500/500000] loss=0.5769 | lr=1.50e-04 | 54.9s
[step   6550/500000] loss=0.5841 | lr=1.50e-04 | 53.6s
[step   6600/500000] loss=0.5725 | lr=1.50e-04 | 54.8s
[step   6650/500000] loss=0.5847 | lr=1.50e-04 | 54.7s
[step   6700/500000] loss=0.5803 | lr=1.50e-04 | 53.4s
[step   6750/500000] loss=0.5628 | lr=1.50e-04 | 53.4s
[step   6800/500000] loss=0.5718 | lr=1.50e-04 | 53.3s
[step   6850/500000] loss=0.5634 | lr=1.50e-04 | 53.5s
[step   6900/500000] loss=0.5713 | lr=1.50e-04 | 53.5s
[step   6950/500000] loss=0.5852 | lr=1.50e-04 | 55.4s
[step   7000/500000] loss=0.6037 | lr=1.50e-04 | 53.3s
[step   7050/500000] loss=0.5596 | lr=1.50e-04 | 54.7s
[step   7100/500000] loss=0.5642 | lr=1.50e-04 | 54.4s
[step   7150/500000] loss=0.5591 | lr=1.50e-04 | 53.4s
[step   7200/500000] loss=0.5689 | lr=1.50e-04 | 55.1s
  💾 Checkpoint → /data/data_taohy/modelReShow/mum/checkpoints/mum_0730-020235_step7200.pth
[step   7250/500000] loss=0.5750 | lr=1.50e-04 | 54.5s
[step   7300/500000] loss=0.5717 | lr=1.50e-04 | 52.9s
[step   7350/500000] loss=0.5617 | lr=1.50e-04 | 54.5s
[step   7400/500000] loss=0.5155 | lr=1.50e-04 | 54.8s
[step   7450/500000] loss=0.5518 | lr=1.50e-04 | 54.8s
[step   7500/500000] loss=0.5324 | lr=1.50e-04 | 53.7s
[step   7550/500000] loss=0.5425 | lr=1.50e-04 | 54.4s
[step   7600/500000] loss=0.5657 | lr=1.50e-04 | 54.6s
[step   7650/500000] loss=0.5617 | lr=1.50e-04 | 55.3s
[step   7700/500000] loss=0.5667 | lr=1.50e-04 | 54.0s
[step   7750/500000] loss=0.5620 | lr=1.50e-04 | 55.6s
[step   7800/500000] loss=0.5679 | lr=1.50e-04 | 54.3s
[step   7850/500000] loss=0.5886 | lr=1.50e-04 | 54.1s
[step   7900/500000] loss=0.5710 | lr=1.50e-04 | 54.1s
[step   7950/500000] loss=0.5587 | lr=1.50e-04 | 54.1s
[step   8000/500000] loss=0.5602 | lr=1.50e-04 | 54.9s
[step   8050/500000] loss=0.5905 | lr=1.50e-04 | 55.8s
[step   8100/500000] loss=0.5298 | lr=1.50e-04 | 55.4s
[step   8150/500000] loss=0.5417 | lr=1.50e-04 | 54.6s
[step   8200/500000] loss=0.5693 | lr=1.50e-04 | 54.2s
[step   8250/500000] loss=0.5704 | lr=1.50e-04 | 54.8s
[step   8300/500000] loss=0.5784 | lr=1.50e-04 | 54.8s
[step   8350/500000] loss=0.5581 | lr=1.50e-04 | 53.7s
[step   8400/500000] loss=0.5580 | lr=1.50e-04 | 53.7s
[step   8450/500000] loss=0.5603 | lr=1.50e-04 | 54.2s
[step   8500/500000] loss=0.5740 | lr=1.50e-04 | 54.7s
[step   8550/500000] loss=0.5748 | lr=1.50e-04 | 53.8s
[step   8600/500000] loss=0.5885 | lr=1.50e-04 | 53.8s
[step   8650/500000] loss=0.5795 | lr=1.50e-04 | 53.1s
[step   8700/500000] loss=0.5879 | lr=1.50e-04 | 53.5s
[step   8750/500000] loss=0.5472 | lr=1.50e-04 | 52.0s
[step   8800/500000] loss=0.5743 | lr=1.50e-04 | 55.5s
[step   8850/500000] loss=0.5582 | lr=1.50e-04 | 54.2s
[step   8900/500000] loss=0.5812 | lr=1.50e-04 | 54.2s
[step   8950/500000] loss=0.5772 | lr=1.50e-04 | 54.2s
[step   9000/500000] loss=0.5745 | lr=1.50e-04 | 54.4s
  💾 Checkpoint → /data/data_taohy/modelReShow/mum/checkpoints/mum_0730-020235_step9000.pth
[step   9050/500000] loss=0.5746 | lr=1.50e-04 | 55.7s
[step   9100/500000] loss=0.5794 | lr=1.50e-04 | 54.2s
[step   9150/500000] loss=0.5718 | lr=1.50e-04 | 55.4s
[step   9200/500000] loss=0.5575 | lr=1.50e-04 | 55.7s
[step   9250/500000] loss=0.5519 | lr=1.50e-04 | 54.8s
[step   9300/500000] loss=0.5593 | lr=1.50e-04 | 54.0s
[step   9350/500000] loss=0.5403 | lr=1.50e-04 | 54.1s
[step   9400/500000] loss=0.5597 | lr=1.50e-04 | 54.5s
[step   9450/500000] loss=0.5477 | lr=1.50e-04 | 55.1s
[step   9500/500000] loss=0.5485 | lr=1.50e-04 | 54.9s
[step   9550/500000] loss=0.5623 | lr=1.50e-04 | 55.5s
[step   9600/500000] loss=0.5557 | lr=1.50e-04 | 53.4s
[step   9650/500000] loss=0.5678 | lr=1.50e-04 | 54.4s
[step   9700/500000] loss=0.5551 | lr=1.50e-04 | 53.9s
[step   9750/500000] loss=0.5581 | lr=1.50e-04 | 55.1s
[step   9800/500000] loss=0.5489 | lr=1.50e-04 | 53.7s
[step   9850/500000] loss=0.5653 | lr=1.50e-04 | 54.1s
[step   9900/500000] loss=0.5822 | lr=1.50e-04 | 54.9s
[step   9950/500000] loss=0.5443 | lr=1.50e-04 | 53.2s
[step  10000/500000] loss=0.5615 | lr=1.50e-04 | 55.7s
[step  10050/500000] loss=0.5819 | lr=1.50e-04 | 53.5s
[step  10100/500000] loss=0.5247 | lr=1.50e-04 | 55.4s
[step  10150/500000] loss=0.5408 | lr=1.50e-04 | 53.4s
[step  10200/500000] loss=0.5605 | lr=1.50e-04 | 54.5s
[step  10250/500000] loss=0.5541 | lr=1.50e-04 | 53.4s
[step  10300/500000] loss=0.5753 | lr=1.50e-04 | 54.2s
[step  10350/500000] loss=0.5587 | lr=1.50e-04 | 54.8s
[step  10400/500000] loss=0.5370 | lr=1.50e-04 | 53.7s
[step  10450/500000] loss=0.5770 | lr=1.50e-04 | 55.1s
[step  10500/500000] loss=0.5679 | lr=1.50e-04 | 53.9s
[step  10550/500000] loss=0.5634 | lr=1.50e-04 | 55.0s
[step  10600/500000] loss=0.5404 | lr=1.50e-04 | 53.4s
[step  10650/500000] loss=0.5396 | lr=1.50e-04 | 53.4s
[step  10700/500000] loss=0.5445 | lr=1.50e-04 | 55.2s
[step  10750/500000] loss=0.5656 | lr=1.50e-04 | 53.8s
[step  10800/500000] loss=0.5620 | lr=1.50e-04 | 54.4s
  💾 Checkpoint → /data/data_taohy/modelReShow/mum/checkpoints/mum_0730-020235_step10800.pth
[step  10850/500000] loss=0.5667 | lr=1.50e-04 | 54.8s
[step  10900/500000] loss=0.5632 | lr=1.50e-04 | 54.1s
[step  10950/500000] loss=0.5484 | lr=1.50e-04 | 55.3s
[step  11000/500000] loss=0.5249 | lr=1.50e-04 | 52.9s
[step  11050/500000] loss=0.5567 | lr=1.50e-04 | 54.8s
[step  11100/500000] loss=0.5644 | lr=1.50e-04 | 53.6s
[step  11150/500000] loss=0.5673 | lr=1.50e-04 | 55.6s
[step  11200/500000] loss=0.5426 | lr=1.50e-04 | 53.7s
[step  11250/500000] loss=0.5568 | lr=1.50e-04 | 55.3s
[step  11300/500000] loss=0.5575 | lr=1.50e-04 | 54.6s
[step  11350/500000] loss=0.5297 | lr=1.50e-04 | 54.6s
[step  11400/500000] loss=0.5655 | lr=1.50e-04 | 53.7s
[step  11450/500000] loss=0.5528 | lr=1.50e-04 | 53.4s
[step  11500/500000] loss=0.5368 | lr=1.50e-04 | 54.6s
[step  11550/500000] loss=0.5484 | lr=1.50e-04 | 54.1s
[step  11600/500000] loss=0.5520 | lr=1.50e-04 | 55.1s
[step  11650/500000] loss=0.5594 | lr=1.50e-04 | 54.9s
[step  11700/500000] loss=0.5397 | lr=1.50e-04 | 55.4s
[step  11750/500000] loss=0.5198 | lr=1.50e-04 | 54.7s
[step  11800/500000] loss=0.5351 | lr=1.50e-04 | 54.0s
[step  11850/500000] loss=0.5461 | lr=1.50e-04 | 54.7s
[step  11900/500000] loss=0.5578 | lr=1.50e-04 | 54.6s
[step  11950/500000] loss=0.5662 | lr=1.50e-04 | 54.1s
[step  12000/500000] loss=0.5405 | lr=1.50e-04 | 55.2s
[step  12050/500000] loss=0.5597 | lr=1.50e-04 | 52.8s
[step  12100/500000] loss=0.5403 | lr=1.50e-04 | 55.9s
[step  12150/500000] loss=0.5754 | lr=1.50e-04 | 53.9s
[step  12200/500000] loss=0.5489 | lr=1.50e-04 | 55.4s
[step  12250/500000] loss=0.5593 | lr=1.50e-04 | 53.9s
[step  12300/500000] loss=0.5536 | lr=1.50e-04 | 54.4s
[step  12350/500000] loss=0.5130 | lr=1.50e-04 | 55.2s
[step  12400/500000] loss=0.5523 | lr=1.50e-04 | 53.7s
[step  12450/500000] loss=0.5607 | lr=1.50e-04 | 55.4s
[step  12500/500000] loss=0.5471 | lr=1.50e-04 | 54.3s
[step  12550/500000] loss=0.5442 | lr=1.50e-04 | 54.7s
[step  12600/500000] loss=0.5071 | lr=1.50e-04 | 54.6s
  💾 Checkpoint → /data/data_taohy/modelReShow/mum/checkpoints/mum_0730-020235_step12600.pth
[step  12650/500000] loss=0.5716 | lr=1.50e-04 | 55.3s
[step  12700/500000] loss=0.5490 | lr=1.50e-04 | 54.9s
[step  12750/500000] loss=0.5848 | lr=1.50e-04 | 54.4s
[step  12800/500000] loss=0.5467 | lr=1.50e-04 | 54.8s
[step  12850/500000] loss=0.5200 | lr=1.50e-04 | 54.2s
[step  12900/500000] loss=0.5605 | lr=1.50e-04 | 55.0s
[step  12950/500000] loss=0.5513 | lr=1.50e-04 | 53.2s
[step  13000/500000] loss=0.5396 | lr=1.50e-04 | 55.6s
[step  13050/500000] loss=0.5711 | lr=1.50e-04 | 55.2s
[step  13100/500000] loss=0.5652 | lr=1.50e-04 | 53.5s
[step  13150/500000] loss=0.5525 | lr=1.50e-04 | 54.8s
[step  13200/500000] loss=0.5539 | lr=1.50e-04 | 54.7s
[step  13250/500000] loss=0.5328 | lr=1.50e-04 | 54.0s
[step  13300/500000] loss=0.5504 | lr=1.50e-04 | 54.0s
[step  13350/500000] loss=0.5414 | lr=1.50e-04 | 54.7s
[step  13400/500000] loss=0.5531 | lr=1.50e-04 | 54.8s
[step  13450/500000] loss=0.5402 | lr=1.50e-04 | 56.1s
[step  13500/500000] loss=0.5373 | lr=1.50e-04 | 54.7s
[step  13550/500000] loss=0.5467 | lr=1.50e-04 | 53.7s
[step  13600/500000] loss=0.5507 | lr=1.50e-04 | 53.9s
[step  13650/500000] loss=0.5298 | lr=1.50e-04 | 53.6s
[step  13700/500000] loss=0.5476 | lr=1.50e-04 | 54.1s
[step  13750/500000] loss=0.5424 | lr=1.50e-04 | 53.7s
[step  13800/500000] loss=0.5528 | lr=1.50e-04 | 55.5s
[step  13850/500000] loss=0.5669 | lr=1.50e-04 | 56.2s
[step  13900/500000] loss=0.5399 | lr=1.50e-04 | 54.3s
[step  13950/500000] loss=0.5179 | lr=1.50e-04 | 52.7s
[step  14000/500000] loss=0.5211 | lr=1.50e-04 | 53.6s
[step  14050/500000] loss=0.5283 | lr=1.50e-04 | 54.5s
[step  14100/500000] loss=0.5527 | lr=1.50e-04 | 54.9s
[step  14150/500000] loss=0.5593 | lr=1.50e-04 | 53.5s
[step  14200/500000] loss=0.5374 | lr=1.50e-04 | 55.7s
[step  14250/500000] loss=0.5652 | lr=1.50e-04 | 55.4s
[step  14300/500000] loss=0.5278 | lr=1.50e-04 | 54.8s
[step  14350/500000] loss=0.5540 | lr=1.50e-04 | 54.6s
[step  14400/500000] loss=0.5282 | lr=1.50e-04 | 55.7s
  💾 Checkpoint → /data/data_taohy/modelReShow/mum/checkpoints/mum_0730-020235_step14400.pth
[step  14450/500000] loss=0.5435 | lr=1.50e-04 | 56.5s
[step  14500/500000] loss=0.5449 | lr=1.50e-04 | 54.7s
[step  14550/500000] loss=0.5516 | lr=1.50e-04 | 55.3s
[step  14600/500000] loss=0.5540 | lr=1.50e-04 | 55.1s
[step  14650/500000] loss=0.5433 | lr=1.50e-04 | 54.7s
[step  14700/500000] loss=0.5570 | lr=1.50e-04 | 54.9s
[step  14750/500000] loss=0.5321 | lr=1.50e-04 | 55.5s
[step  14800/500000] loss=0.5306 | lr=1.50e-04 | 54.9s
[step  14850/500000] loss=0.5383 | lr=1.50e-04 | 53.5s
[step  14900/500000] loss=0.5321 | lr=1.50e-04 | 55.9s
[step  14950/500000] loss=0.5254 | lr=1.50e-04 | 55.1s
[step  15000/500000] loss=0.5361 | lr=1.50e-04 | 55.6s
[step  15050/500000] loss=0.5640 | lr=1.50e-04 | 54.8s
[step  15100/500000] loss=0.5687 | lr=1.50e-04 | 54.9s
[step  15150/500000] loss=0.5647 | lr=1.50e-04 | 55.1s
[step  15200/500000] loss=0.5280 | lr=1.50e-04 | 54.9s
[step  15250/500000] loss=0.5497 | lr=1.50e-04 | 55.0s
[step  15300/500000] loss=0.5456 | lr=1.50e-04 | 54.3s
[step  15350/500000] loss=0.5419 | lr=1.50e-04 | 54.6s
[step  15400/500000] loss=0.5374 | lr=1.50e-04 | 54.3s
[step  15450/500000] loss=0.5350 | lr=1.50e-04 | 55.3s
[step  15500/500000] loss=0.5453 | lr=1.50e-04 | 54.7s
[step  15550/500000] loss=0.5356 | lr=1.50e-04 | 54.1s
[step  15600/500000] loss=0.5285 | lr=1.50e-04 | 54.6s
[step  15650/500000] loss=0.5266 | lr=1.50e-04 | 53.9s
[step  15700/500000] loss=0.5677 | lr=1.50e-04 | 56.1s
[step  15750/500000] loss=0.5373 | lr=1.50e-04 | 53.2s
[step  15800/500000] loss=0.5291 | lr=1.50e-04 | 55.2s
[step  15850/500000] loss=0.5494 | lr=1.50e-04 | 53.9s
[step  15900/500000] loss=0.5336 | lr=1.50e-04 | 54.5s
[step  15950/500000] loss=0.5318 | lr=1.50e-04 | 55.9s
[step  16000/500000] loss=0.5706 | lr=1.50e-04 | 54.6s
[step  16050/500000] loss=0.5213 | lr=1.50e-04 | 54.0s
[step  16100/500000] loss=0.5610 | lr=1.50e-04 | 54.4s
[step  16150/500000] loss=0.5508 | lr=1.50e-04 | 54.2s
[step  16200/500000] loss=0.5519 | lr=1.50e-04 | 55.0s
  💾 Checkpoint → /data/data_taohy/modelReShow/mum/checkpoints/mum_0730-020235_step16200.pth
[step  16250/500000] loss=0.5346 | lr=1.50e-04 | 54.1s
[step  16300/500000] loss=0.5600 | lr=1.50e-04 | 56.0s
[step  16350/500000] loss=0.5297 | lr=1.50e-04 | 55.7s
[step  16400/500000] loss=0.5434 | lr=1.50e-04 | 54.7s
[step  16450/500000] loss=0.5459 | lr=1.50e-04 | 53.8s
[step  16500/500000] loss=0.5609 | lr=1.50e-04 | 55.8s
[step  16550/500000] loss=0.5344 | lr=1.50e-04 | 55.5s
[step  16600/500000] loss=0.5243 | lr=1.50e-04 | 53.5s
[step  16650/500000] loss=0.5361 | lr=1.50e-04 | 55.9s
[step  16700/500000] loss=0.5434 | lr=1.50e-04 | 54.1s
[step  16750/500000] loss=0.5535 | lr=1.50e-04 | 54.6s
[step  16800/500000] loss=0.5519 | lr=1.50e-04 | 55.8s
[step  16850/500000] loss=0.5199 | lr=1.50e-04 | 54.8s
[step  16900/500000] loss=0.5270 | lr=1.50e-04 | 56.5s
[step  16950/500000] loss=0.5321 | lr=1.50e-04 | 54.7s
[step  17000/500000] loss=0.5193 | lr=1.50e-04 | 55.7s
[step  17050/500000] loss=0.5468 | lr=1.50e-04 | 54.0s
[step  17100/500000] loss=0.5470 | lr=1.50e-04 | 54.7s
[step  17150/500000] loss=0.5294 | lr=1.50e-04 | 55.1s
[step  17200/500000] loss=0.5458 | lr=1.50e-04 | 55.8s
[step  17250/500000] loss=0.5603 | lr=1.50e-04 | 55.5s
[step  17300/500000] loss=0.5066 | lr=1.50e-04 | 53.8s
[step  17350/500000] loss=0.5389 | lr=1.50e-04 | 56.2s
[step  17400/500000] loss=0.5410 | lr=1.50e-04 | 53.6s
[step  17450/500000] loss=0.5360 | lr=1.50e-04 | 53.9s
[step  17500/500000] loss=0.5449 | lr=1.50e-04 | 54.9s
[step  17550/500000] loss=0.5026 | lr=1.50e-04 | 54.5s
[step  17600/500000] loss=0.5230 | lr=1.50e-04 | 55.5s
[step  17650/500000] loss=0.5306 | lr=1.50e-04 | 54.7s
[step  17700/500000] loss=0.5428 | lr=1.50e-04 | 55.0s
[step  17750/500000] loss=0.5550 | lr=1.50e-04 | 55.4s
[step  17800/500000] loss=0.5484 | lr=1.50e-04 | 54.7s
[step  17850/500000] loss=0.5576 | lr=1.50e-04 | 54.3s
[step  17900/500000] loss=0.5354 | lr=1.50e-04 | 55.6s
[step  17950/500000] loss=0.5461 | lr=1.50e-04 | 55.9s
[step  18000/500000] loss=0.5246 | lr=1.50e-04 | 55.7s
  💾 Checkpoint → /data/data_taohy/modelReShow/mum/checkpoints/mum_0730-020235_step18000.pth
[step  18050/500000] loss=0.5382 | lr=1.50e-04 | 55.7s
[step  18100/500000] loss=0.5414 | lr=1.50e-04 | 55.4s
[step  18150/500000] loss=0.5361 | lr=1.50e-04 | 53.1s
[step  18200/500000] loss=0.5114 | lr=1.50e-04 | 55.2s
[step  18250/500000] loss=0.5559 | lr=1.50e-04 | 55.3s
[step  18300/500000] loss=0.5348 | lr=1.50e-04 | 55.8s
[step  18350/500000] loss=0.5449 | lr=1.50e-04 | 54.7s
[step  18400/500000] loss=0.5421 | lr=1.50e-04 | 54.8s
[step  18450/500000] loss=0.5477 | lr=1.50e-04 | 54.6s
[step  18500/500000] loss=0.5384 | lr=1.50e-04 | 55.0s
[step  18550/500000] loss=0.5597 | lr=1.50e-04 | 53.6s
[step  18600/500000] loss=0.5395 | lr=1.50e-04 | 55.1s
[step  18650/500000] loss=0.5443 | lr=1.50e-04 | 54.2s
[step  18700/500000] loss=0.5199 | lr=1.50e-04 | 55.6s
[step  18750/500000] loss=0.5307 | lr=1.50e-04 | 55.1s
[step  18800/500000] loss=0.5277 | lr=1.50e-04 | 53.6s
[step  18850/500000] loss=0.5243 | lr=1.50e-04 | 55.9s
[step  18900/500000] loss=0.5399 | lr=1.50e-04 | 54.2s
[step  18950/500000] loss=0.5298 | lr=1.50e-04 | 54.3s
[step  19000/500000] loss=0.5231 | lr=1.50e-04 | 55.4s
[step  19050/500000] loss=0.5237 | lr=1.50e-04 | 54.5s
[step  19100/500000] loss=0.5541 | lr=1.50e-04 | 54.3s
[step  19150/500000] loss=0.5211 | lr=1.50e-04 | 54.5s
[step  19200/500000] loss=0.5136 | lr=1.50e-04 | 55.3s
[step  19250/500000] loss=0.5082 | lr=1.50e-04 | 54.1s
[step  19300/500000] loss=0.5432 | lr=1.50e-04 | 54.5s
[step  19350/500000] loss=0.5156 | lr=1.50e-04 | 54.6s
[step  19400/500000] loss=0.5407 | lr=1.49e-04 | 54.5s
[step  19450/500000] loss=0.5376 | lr=1.49e-04 | 56.0s
[step  19500/500000] loss=0.5309 | lr=1.49e-04 | 55.6s
[step  19550/500000] loss=0.5473 | lr=1.49e-04 | 56.3s
[step  19600/500000] loss=0.5425 | lr=1.49e-04 | 54.7s
[step  19650/500000] loss=0.5262 | lr=1.49e-04 | 54.0s
[step  19700/500000] loss=0.5317 | lr=1.49e-04 | 55.4s
[step  19750/500000] loss=0.5347 | lr=1.49e-04 | 53.8s
[step  19800/500000] loss=0.5442 | lr=1.49e-04 | 54.8s
  💾 Checkpoint → /data/data_taohy/modelReShow/mum/checkpoints/mum_0730-020235_step19800.pth
[step  19850/500000] loss=0.5562 | lr=1.49e-04 | 55.5s
[step  19900/500000] loss=0.5137 | lr=1.49e-04 | 53.9s
[step  19950/500000] loss=0.5271 | lr=1.49e-04 | 55.0s
[step  20000/500000] loss=0.5595 | lr=1.49e-04 | 55.2s
[step  20050/500000] loss=0.5464 | lr=1.49e-04 | 55.2s
[step  20100/500000] loss=0.5209 | lr=1.49e-04 | 54.6s
[step  20150/500000] loss=0.5403 | lr=1.49e-04 | 54.4s
[step  20200/500000] loss=0.5225 | lr=1.49e-04 | 54.8s
[step  20250/500000] loss=0.5356 | lr=1.49e-04 | 55.2s
[step  20300/500000] loss=0.5108 | lr=1.49e-04 | 54.9s
[step  20350/500000] loss=0.5361 | lr=1.49e-04 | 55.9s
[step  20400/500000] loss=0.5420 | lr=1.49e-04 | 55.1s
[step  20450/500000] loss=0.5389 | lr=1.49e-04 | 55.1s
[step  20500/500000] loss=0.5076 | lr=1.49e-04 | 54.5s
[step  20550/500000] loss=0.5460 | lr=1.49e-04 | 55.7s
[step  20600/500000] loss=0.5584 | lr=1.49e-04 | 54.7s
[step  20650/500000] loss=0.5642 | lr=1.49e-04 | 55.1s
[step  20700/500000] loss=0.5248 | lr=1.49e-04 | 55.2s
[step  20750/500000] loss=0.5237 | lr=1.49e-04 | 56.2s
[step  20800/500000] loss=0.5326 | lr=1.49e-04 | 54.5s
[step  20850/500000] loss=0.5470 | lr=1.49e-04 | 56.5s
[step  20900/500000] loss=0.5432 | lr=1.49e-04 | 56.9s
[step  20950/500000] loss=0.5307 | lr=1.49e-04 | 55.1s
[step  21000/500000] loss=0.5612 | lr=1.49e-04 | 54.7s
[step  21050/500000] loss=0.5248 | lr=1.49e-04 | 55.4s
[step  21100/500000] loss=0.5378 | lr=1.49e-04 | 55.9s
[step  21150/500000] loss=0.5333 | lr=1.49e-04 | 55.8s
[step  21200/500000] loss=0.5449 | lr=1.49e-04 | 55.2s
[step  21250/500000] loss=0.5234 | lr=1.49e-04 | 54.6s
[step  21300/500000] loss=0.5330 | lr=1.49e-04 | 55.3s
[step  21350/500000] loss=0.5363 | lr=1.49e-04 | 56.4s
[step  21400/500000] loss=0.5235 | lr=1.49e-04 | 53.7s
[step  21450/500000] loss=0.5181 | lr=1.49e-04 | 55.4s
[step  21500/500000] loss=0.5595 | lr=1.49e-04 | 54.4s
[step  21550/500000] loss=0.5349 | lr=1.49e-04 | 55.4s
[step  21600/500000] loss=0.5279 | lr=1.49e-04 | 54.7s
  💾 Checkpoint → /data/data_taohy/modelReShow/mum/checkpoints/mum_0730-020235_step21600.pth
[step  21650/500000] loss=0.5402 | lr=1.49e-04 | 56.3s
[step  21700/500000] loss=0.5192 | lr=1.49e-04 | 55.5s
[step  21750/500000] loss=0.5354 | lr=1.49e-04 | 55.3s
[step  21800/500000] loss=0.5374 | lr=1.49e-04 | 55.0s
[step  21850/500000] loss=0.5100 | lr=1.49e-04 | 54.0s
[step  21900/500000] loss=0.5218 | lr=1.49e-04 | 55.5s
[step  21950/500000] loss=0.5322 | lr=1.49e-04 | 54.2s
[step  22000/500000] loss=0.5417 | lr=1.49e-04 | 53.4s
[step  22050/500000] loss=0.5115 | lr=1.49e-04 | 53.6s
[step  22100/500000] loss=0.5201 | lr=1.49e-04 | 52.8s
[step  22150/500000] loss=0.5325 | lr=1.49e-04 | 52.4s
[step  22200/500000] loss=0.5204 | lr=1.49e-04 | 52.1s
[step  22250/500000] loss=0.5271 | lr=1.49e-04 | 53.0s
[step  22300/500000] loss=0.5304 | lr=1.49e-04 | 52.5s
[step  22350/500000] loss=0.5191 | lr=1.49e-04 | 52.1s
[step  22400/500000] loss=0.5235 | lr=1.49e-04 | 52.3s
[step  22450/500000] loss=0.5317 | lr=1.49e-04 | 52.6s
[step  22500/500000] loss=0.5590 | lr=1.49e-04 | 53.0s
[step  22550/500000] loss=0.5054 | lr=1.49e-04 | 52.2s
[step  22600/500000] loss=0.5409 | lr=1.49e-04 | 52.0s
[step  22650/500000] loss=0.5229 | lr=1.49e-04 | 51.5s
[step  22700/500000] loss=0.5152 | lr=1.49e-04 | 53.4s
[step  22750/500000] loss=0.5435 | lr=1.49e-04 | 50.9s
[step  22800/500000] loss=0.5053 | lr=1.49e-04 | 52.9s
[step  22850/500000] loss=0.5184 | lr=1.49e-04 | 52.6s
[step  22900/500000] loss=0.5077 | lr=1.49e-04 | 53.7s
[step  22950/500000] loss=0.5286 | lr=1.49e-04 | 51.4s
[step  23000/500000] loss=0.5285 | lr=1.49e-04 | 51.3s
[step  23050/500000] loss=0.5326 | lr=1.49e-04 | 51.1s
[step  23100/500000] loss=0.5314 | lr=1.49e-04 | 50.8s
[step  23150/500000] loss=0.5622 | lr=1.49e-04 | 51.3s
[step  23200/500000] loss=0.5383 | lr=1.49e-04 | 51.4s
[step  23250/500000] loss=0.5350 | lr=1.49e-04 | 50.7s
[step  23300/500000] loss=0.5198 | lr=1.49e-04 | 50.9s
[step  23350/500000] loss=0.5210 | lr=1.49e-04 | 51.7s
[step  23400/500000] loss=0.5338 | lr=1.49e-04 | 52.2s
  💾 Checkpoint → /data/data_taohy/modelReShow/mum/checkpoints/mum_0730-020235_step23400.pth
[step  23450/500000] loss=0.5342 | lr=1.49e-04 | 52.8s
[step  23500/500000] loss=0.5241 | lr=1.49e-04 | 51.7s
[step  23550/500000] loss=0.5235 | lr=1.49e-04 | 51.2s
[step  23600/500000] loss=0.5308 | lr=1.49e-04 | 50.4s
[step  23650/500000] loss=0.5290 | lr=1.49e-04 | 50.9s
[step  23700/500000] loss=0.5136 | lr=1.49e-04 | 49.8s
[step  23750/500000] loss=0.5226 | lr=1.49e-04 | 51.0s
[step  23800/500000] loss=0.5150 | lr=1.49e-04 | 51.0s
[step  23850/500000] loss=0.5469 | lr=1.49e-04 | 51.0s
[step  23900/500000] loss=0.5343 | lr=1.49e-04 | 51.3s
[step  23950/500000] loss=0.5333 | lr=1.49e-04 | 51.1s
[step  24000/500000] loss=0.5201 | lr=1.49e-04 | 50.2s
[step  24050/500000] loss=0.5435 | lr=1.49e-04 | 50.3s
[step  24100/500000] loss=0.5142 | lr=1.49e-04 | 51.5s
[step  24150/500000] loss=0.4775 | lr=1.49e-04 | 50.3s
[step  24200/500000] loss=0.5233 | lr=1.49e-04 | 51.6s
[step  24250/500000] loss=0.5300 | lr=1.49e-04 | 51.4s
[step  24300/500000] loss=0.5213 | lr=1.49e-04 | 50.6s
[step  24350/500000] loss=0.5223 | lr=1.49e-04 | 51.0s
[step  24400/500000] loss=0.5046 | lr=1.49e-04 | 50.8s
[step  24450/500000] loss=0.5224 | lr=1.49e-04 | 51.7s
[step  24500/500000] loss=0.5236 | lr=1.49e-04 | 50.5s
[step  24550/500000] loss=0.5183 | lr=1.49e-04 | 50.9s
[step  24600/500000] loss=0.5360 | lr=1.49e-04 | 50.6s
[step  24650/500000] loss=0.5206 | lr=1.49e-04 | 51.3s
[step  24700/500000] loss=0.5450 | lr=1.49e-04 | 51.3s
[step  24750/500000] loss=0.5309 | lr=1.49e-04 | 50.2s
[step  24800/500000] loss=0.5248 | lr=1.49e-04 | 51.0s
[step  24850/500000] loss=0.5461 | lr=1.49e-04 | 51.0s
[step  24900/500000] loss=0.5504 | lr=1.49e-04 | 51.7s
[step  24950/500000] loss=0.5102 | lr=1.49e-04 | 51.4s
[step  25000/500000] loss=0.5149 | lr=1.49e-04 | 51.2s
[step  25050/500000] loss=0.5070 | lr=1.49e-04 | 50.3s
[step  25100/500000] loss=0.5229 | lr=1.49e-04 | 50.3s
[step  25150/500000] loss=0.5175 | lr=1.49e-04 | 50.9s
[step  25200/500000] loss=0.5210 | lr=1.49e-04 | 49.4s
  💾 Checkpoint → /data/data_taohy/modelReShow/mum/checkpoints/mum_0730-020235_step25200.pth
Root Cause (first observed failure):
[0]:
  time      : 2026-07-30_10:32:06
  host      : 10013
  rank      : 1 (local_rank: 1)
  exitcode  : -15 (pid: 2217113)
  error_file: <N/A>
  traceback : Signal 15 (SIGTERM) received by PID 2217113
=========================================================
