W0730 13:36:45.073000 2573110 site-packages/torch/distributed/run.py:792] 
W0730 13:36:45.073000 2573110 site-packages/torch/distributed/run.py:792] *****************************************
W0730 13:36:45.073000 2573110 site-packages/torch/distributed/run.py:792] Setting OMP_NUM_THREADS environment variable for each process to be 1 in default, to avoid your system being overloaded, please further tune the variable for optimal performance in your application as needed. 
W0730 13:36:45.073000 2573110 site-packages/torch/distributed/run.py:792] *****************************************
[BlendedMVSDataset] 113 个场景 × 4, S∈[3,5], 452 个样本
batch shape: torch.Size([4, 5, 3, 224, 224]) (B=4, S=5)
参数数量: 21.3M
[BlendedMVSDataset] 113 个场景 × 4, S∈[3,5], 452 个样本
[BlendedMVSDataset] 113 个场景 × 4, S∈[3,5], 452 个样本
[BlendedMVSDataset] 113 个场景 × 4, S∈[3,5], 452 个样本
✅ Forward pass 成功! loss=1.219008, pred=torch.Size([20, 196, 768]), mask_rate=0.750
wandb: Using wandb-core as the SDK backend.  Please refer to https://wandb.me/wandb-core for more information.
wandb: Currently logged in as: 3222703726 (3222703726-huazhong-university-of-science-and-technology) to https://api.wandb.ai. Use `wandb login --relogin` to force relogin
wandb: creating run
wandb: Tracking run with wandb version 0.19.9
wandb: Run data is saved locally in /data/data_taohy/modelReShow/mum/wandb/run-20260730_133651-b5hnvg0e
wandb: Run `wandb offline` to turn off syncing.
wandb: Syncing run mum_vit_small_S3-5_steps15k
wandb: ⭐️ View project at https://wandb.ai/3222703726-huazhong-university-of-science-and-technology/MuM
wandb: 🚀 View run at https://wandb.ai/3222703726-huazhong-university-of-science-and-technology/MuM/runs/b5hnvg0e
[BlendedMVSDataset] 113 个场景 × 4, S∈[3,5], 452 个样本
设备: cuda:0, GPU数: 4, 场景数: 113, 样本数: 452, S∈[3,5], AMP=bf16
有效 batch: 32, 总优化步数: 15000, warmup: 1000
模型: vit_small, norm_layer: layernormbf16
[step     50/15000] loss=1.0597 | lr=7.65e-06 | 23.1s
[step    100/15000] loss=0.9840 | lr=1.51e-05 | 22.8s
[step    150/15000] loss=0.9268 | lr=2.26e-05 | 22.2s
[step    200/15000] loss=0.8887 | lr=3.01e-05 | 22.8s
[step    250/15000] loss=0.8639 | lr=3.76e-05 | 21.9s
[step    300/15000] loss=0.7987 | lr=4.51e-05 | 22.4s
[step    350/15000] loss=0.7875 | lr=5.26e-05 | 22.1s
[step    400/15000] loss=0.7826 | lr=6.01e-05 | 23.3s
[step    450/15000] loss=0.7737 | lr=6.76e-05 | 22.9s
[step    500/15000] loss=0.7522 | lr=7.51e-05 | 22.4s
[step    550/15000] loss=0.7450 | lr=8.27e-05 | 23.0s
[step    600/15000] loss=0.7098 | lr=9.01e-05 | 22.5s
[step    650/15000] loss=0.7047 | lr=9.76e-05 | 22.9s
[step    700/15000] loss=0.6640 | lr=1.05e-04 | 22.2s
[step    750/15000] loss=0.6687 | lr=1.13e-04 | 23.1s
[step    800/15000] loss=0.6557 | lr=1.20e-04 | 22.3s
[step    850/15000] loss=0.6480 | lr=1.28e-04 | 22.6s
[step    900/15000] loss=0.6413 | lr=1.35e-04 | 23.0s
[step    950/15000] loss=0.6675 | lr=1.43e-04 | 21.9s
[step   1000/15000] loss=0.6267 | lr=1.50e-04 | 23.2s
[step   1050/15000] loss=0.6286 | lr=1.50e-04 | 22.3s
[step   1100/15000] loss=0.6255 | lr=1.50e-04 | 23.0s
[step   1150/15000] loss=0.6034 | lr=1.50e-04 | 23.0s
[step   1200/15000] loss=0.6282 | lr=1.50e-04 | 22.3s
[step   1250/15000] loss=0.5912 | lr=1.50e-04 | 22.8s
[step   1300/15000] loss=0.6305 | lr=1.50e-04 | 22.2s
[step   1350/15000] loss=0.6065 | lr=1.50e-04 | 22.9s
[step   1400/15000] loss=0.5859 | lr=1.50e-04 | 22.6s
[step   1450/15000] loss=0.5988 | lr=1.50e-04 | 23.3s
[step   1500/15000] loss=0.6091 | lr=1.50e-04 | 23.2s
[step   1550/15000] loss=0.5756 | lr=1.49e-04 | 22.5s
[step   1600/15000] loss=0.5889 | lr=1.49e-04 | 24.0s
[step   1650/15000] loss=0.5813 | lr=1.49e-04 | 22.3s
[step   1700/15000] loss=0.5904 | lr=1.49e-04 | 23.4s
[step   1750/15000] loss=0.5839 | lr=1.49e-04 | 22.1s
[step   1800/15000] loss=0.5777 | lr=1.49e-04 | 23.2s
  💾 Checkpoint → /data/data_taohy/modelReShow/mum/checkpoints/mum_0730-133650_step1800.pth
wandb: WARNING Saving files without folders. If you want to preserve subdirectories pass base_path to wandb.save, i.e. wandb.save("/mnt/folder/file.h5", base_path="/mnt")
[step   1850/15000] loss=0.5879 | lr=1.49e-04 | 22.9s
[step   1900/15000] loss=0.5563 | lr=1.48e-04 | 21.9s
[step   1950/15000] loss=0.5767 | lr=1.48e-04 | 23.0s
[step   2000/15000] loss=0.5708 | lr=1.48e-04 | 22.1s
[step   2050/15000] loss=0.5861 | lr=1.48e-04 | 23.0s
[step   2100/15000] loss=0.5697 | lr=1.48e-04 | 21.8s
[step   2150/15000] loss=0.5701 | lr=1.48e-04 | 23.0s
[step   2200/15000] loss=0.5570 | lr=1.47e-04 | 22.6s
[step   2250/15000] loss=0.5659 | lr=1.47e-04 | 21.9s
[step   2300/15000] loss=0.5703 | lr=1.47e-04 | 22.5s
[step   2350/15000] loss=0.5646 | lr=1.47e-04 | 21.7s
[step   2400/15000] loss=0.5800 | lr=1.46e-04 | 22.8s
[step   2450/15000] loss=0.5428 | lr=1.46e-04 | 21.9s
[step   2500/15000] loss=0.5730 | lr=1.46e-04 | 22.8s
[step   2550/15000] loss=0.5582 | lr=1.46e-04 | 22.5s
[step   2600/15000] loss=0.5630 | lr=1.45e-04 | 22.4s
[step   2650/15000] loss=0.5464 | lr=1.45e-04 | 22.6s
[step   2700/15000] loss=0.5688 | lr=1.45e-04 | 21.9s
[step   2750/15000] loss=0.5304 | lr=1.44e-04 | 22.8s
[step   2800/15000] loss=0.5696 | lr=1.44e-04 | 22.0s
[step   2850/15000] loss=0.5502 | lr=1.44e-04 | 22.7s
[step   2900/15000] loss=0.5588 | lr=1.43e-04 | 22.4s
[step   2950/15000] loss=0.5472 | lr=1.43e-04 | 22.2s
[step   3000/15000] loss=0.5587 | lr=1.43e-04 | 22.6s
[step   3050/15000] loss=0.5565 | lr=1.42e-04 | 22.3s
[step   3100/15000] loss=0.5791 | lr=1.42e-04 | 23.5s
[step   3150/15000] loss=0.5392 | lr=1.41e-04 | 22.1s
[step   3200/15000] loss=0.5432 | lr=1.41e-04 | 22.8s
[step   3250/15000] loss=0.5378 | lr=1.41e-04 | 22.9s
[step   3300/15000] loss=0.5457 | lr=1.40e-04 | 22.3s
[step   3350/15000] loss=0.5555 | lr=1.40e-04 | 22.5s
[step   3400/15000] loss=0.5387 | lr=1.39e-04 | 21.7s
[step   3450/15000] loss=0.5566 | lr=1.39e-04 | 22.6s
[step   3500/15000] loss=0.5591 | lr=1.39e-04 | 22.0s
[step   3550/15000] loss=0.5714 | lr=1.38e-04 | 22.9s
[step   3600/15000] loss=0.5321 | lr=1.38e-04 | 23.1s
  💾 Checkpoint → /data/data_taohy/modelReShow/mum/checkpoints/mum_0730-133650_step3600.pth
[step   3650/15000] loss=0.5424 | lr=1.37e-04 | 22.1s
[step   3700/15000] loss=0.5308 | lr=1.37e-04 | 22.9s
[step   3750/15000] loss=0.5354 | lr=1.36e-04 | 22.0s
[step   3800/15000] loss=0.5401 | lr=1.36e-04 | 22.7s
[step   3850/15000] loss=0.5582 | lr=1.35e-04 | 22.0s
[step   3900/15000] loss=0.5462 | lr=1.35e-04 | 22.9s
[step   3950/15000] loss=0.5160 | lr=1.34e-04 | 22.6s
[step   4000/15000] loss=0.5298 | lr=1.34e-04 | 22.1s
[step   4050/15000] loss=0.5405 | lr=1.33e-04 | 22.4s
[step   4100/15000] loss=0.5343 | lr=1.33e-04 | 21.9s
[step   4150/15000] loss=0.5621 | lr=1.32e-04 | 22.5s
[step   4200/15000] loss=0.5317 | lr=1.31e-04 | 22.1s
[step   4250/15000] loss=0.5155 | lr=1.31e-04 | 22.8s
[step   4300/15000] loss=0.5283 | lr=1.30e-04 | 23.2s
[step   4350/15000] loss=0.5422 | lr=1.30e-04 | 22.4s
[step   4400/15000] loss=0.5407 | lr=1.29e-04 | 22.6s
[step   4450/15000] loss=0.5120 | lr=1.29e-04 | 22.1s
[step   4500/15000] loss=0.5366 | lr=1.28e-04 | 22.5s
[step   4550/15000] loss=0.5357 | lr=1.27e-04 | 22.3s
[step   4600/15000] loss=0.5178 | lr=1.27e-04 | 22.8s
[step   4650/15000] loss=0.5425 | lr=1.26e-04 | 22.7s
[step   4700/15000] loss=0.5303 | lr=1.26e-04 | 22.1s
[step   4750/15000] loss=0.5063 | lr=1.25e-04 | 23.0s
[step   4800/15000] loss=0.5212 | lr=1.24e-04 | 22.3s
[step   4850/15000] loss=0.5456 | lr=1.24e-04 | 22.8s
[step   4900/15000] loss=0.5296 | lr=1.23e-04 | 22.2s
[step   4950/15000] loss=0.5213 | lr=1.22e-04 | 22.9s
[step   5000/15000] loss=0.5254 | lr=1.22e-04 | 22.5s
[step   5050/15000] loss=0.4984 | lr=1.21e-04 | 21.8s
[step   5100/15000] loss=0.5316 | lr=1.20e-04 | 22.8s
[step   5150/15000] loss=0.5407 | lr=1.20e-04 | 23.5s
[step   5200/15000] loss=0.5128 | lr=1.19e-04 | 23.5s
[step   5250/15000] loss=0.5423 | lr=1.18e-04 | 23.4s
[step   5300/15000] loss=0.5371 | lr=1.18e-04 | 23.8s
[step   5350/15000] loss=0.5280 | lr=1.17e-04 | 23.0s
[step   5400/15000] loss=0.5095 | lr=1.16e-04 | 22.2s
  💾 Checkpoint → /data/data_taohy/modelReShow/mum/checkpoints/mum_0730-133650_step5400.pth
[step   5450/15000] loss=0.5225 | lr=1.16e-04 | 23.1s
[step   5500/15000] loss=0.5202 | lr=1.15e-04 | 22.5s
[step   5550/15000] loss=0.5271 | lr=1.14e-04 | 22.9s
[step   5600/15000] loss=0.5091 | lr=1.13e-04 | 22.2s
[step   5650/15000] loss=0.5080 | lr=1.13e-04 | 22.7s
[step   5700/15000] loss=0.5338 | lr=1.12e-04 | 23.0s
[step   5750/15000] loss=0.5349 | lr=1.11e-04 | 22.2s
[step   5800/15000] loss=0.5186 | lr=1.11e-04 | 22.9s
[step   5850/15000] loss=0.5260 | lr=1.10e-04 | 22.2s
[step   5900/15000] loss=0.4997 | lr=1.09e-04 | 23.8s
[step   5950/15000] loss=0.5318 | lr=1.08e-04 | 22.3s
[step   6000/15000] loss=0.5171 | lr=1.08e-04 | 23.7s
[step   6050/15000] loss=0.4907 | lr=1.07e-04 | 22.7s
[step   6100/15000] loss=0.5459 | lr=1.06e-04 | 22.1s
[step   6150/15000] loss=0.5130 | lr=1.05e-04 | 23.5s
[step   6200/15000] loss=0.5257 | lr=1.04e-04 | 22.0s
[step   6250/15000] loss=0.4860 | lr=1.04e-04 | 22.6s
[step   6300/15000] loss=0.5080 | lr=1.03e-04 | 22.4s
[step   6350/15000] loss=0.5012 | lr=1.02e-04 | 23.4s
[step   6400/15000] loss=0.4966 | lr=1.01e-04 | 22.8s
[step   6450/15000] loss=0.4896 | lr=1.01e-04 | 22.1s
[step   6500/15000] loss=0.5305 | lr=9.98e-05 | 22.2s
[step   6550/15000] loss=0.5112 | lr=9.90e-05 | 22.0s
[step   6600/15000] loss=0.5089 | lr=9.82e-05 | 22.7s
[step   6650/15000] loss=0.5258 | lr=9.74e-05 | 22.0s
[step   6700/15000] loss=0.5173 | lr=9.66e-05 | 22.7s
[step   6750/15000] loss=0.5173 | lr=9.58e-05 | 22.6s
[step   6800/15000] loss=0.5084 | lr=9.50e-05 | 21.9s
[step   6850/15000] loss=0.5053 | lr=9.41e-05 | 22.6s
[step   6900/15000] loss=0.5166 | lr=9.33e-05 | 21.8s
[step   6950/15000] loss=0.5269 | lr=9.25e-05 | 22.9s
[step   7000/15000] loss=0.5446 | lr=9.17e-05 | 22.2s
[step   7050/15000] loss=0.5086 | lr=9.09e-05 | 22.6s
[step   7100/15000] loss=0.5217 | lr=9.00e-05 | 22.8s
[step   7150/15000] loss=0.5059 | lr=8.92e-05 | 22.0s
[step   7200/15000] loss=0.5299 | lr=8.84e-05 | 23.2s
  💾 Checkpoint → /data/data_taohy/modelReShow/mum/checkpoints/mum_0730-133650_step7200.pth
[step   7250/15000] loss=0.5066 | lr=8.76e-05 | 22.9s
[step   7300/15000] loss=0.5119 | lr=8.67e-05 | 22.8s
[step   7350/15000] loss=0.5070 | lr=8.59e-05 | 22.2s
[step   7400/15000] loss=0.4625 | lr=8.51e-05 | 23.0s
[step   7450/15000] loss=0.4994 | lr=8.42e-05 | 22.5s
[step   7500/15000] loss=0.4727 | lr=8.34e-05 | 22.1s
[step   7550/15000] loss=0.4902 | lr=8.26e-05 | 22.7s
[step   7600/15000] loss=0.5342 | lr=8.17e-05 | 21.7s
[step   7650/15000] loss=0.5041 | lr=8.09e-05 | 23.0s
[step   7700/15000] loss=0.5060 | lr=8.00e-05 | 21.9s
[step   7750/15000] loss=0.5084 | lr=7.92e-05 | 22.8s
[step   7800/15000] loss=0.5089 | lr=7.84e-05 | 22.7s
[step   7850/15000] loss=0.5224 | lr=7.75e-05 | 22.0s
[step   7900/15000] loss=0.5187 | lr=7.67e-05 | 23.3s
[step   7950/15000] loss=0.4994 | lr=7.58e-05 | 22.2s
[step   8000/15000] loss=0.5065 | lr=7.50e-05 | 23.2s
[step   8050/15000] loss=0.5274 | lr=7.42e-05 | 21.7s
[step   8100/15000] loss=0.4869 | lr=7.33e-05 | 24.2s
[step   8150/15000] loss=0.4978 | lr=7.25e-05 | 22.4s
[step   8200/15000] loss=0.5085 | lr=7.16e-05 | 21.9s
[step   8250/15000] loss=0.5197 | lr=7.08e-05 | 23.4s
[step   8300/15000] loss=0.5158 | lr=7.00e-05 | 21.7s
[step   8350/15000] loss=0.5010 | lr=6.91e-05 | 23.0s
[step   8400/15000] loss=0.5044 | lr=6.83e-05 | 21.9s
[step   8450/15000] loss=0.4975 | lr=6.74e-05 | 22.7s
[step   8500/15000] loss=0.5037 | lr=6.66e-05 | 22.7s
[step   8550/15000] loss=0.5139 | lr=6.58e-05 | 22.3s
[step   8600/15000] loss=0.5337 | lr=6.49e-05 | 22.5s
[step   8650/15000] loss=0.5168 | lr=6.41e-05 | 22.2s
[step   8700/15000] loss=0.5125 | lr=6.33e-05 | 23.0s
[step   8750/15000] loss=0.4860 | lr=6.24e-05 | 22.3s
[step   8800/15000] loss=0.5147 | lr=6.16e-05 | 22.9s
[step   8850/15000] loss=0.4955 | lr=6.08e-05 | 22.5s
[step   8900/15000] loss=0.5296 | lr=6.00e-05 | 22.1s
[step   8950/15000] loss=0.5225 | lr=5.91e-05 | 22.9s
[step   9000/15000] loss=0.5075 | lr=5.83e-05 | 22.3s
  💾 Checkpoint → /data/data_taohy/modelReShow/mum/checkpoints/mum_0730-133650_step9000.pth
[step   9050/15000] loss=0.5121 | lr=5.75e-05 | 23.5s
[step   9100/15000] loss=0.5372 | lr=5.67e-05 | 21.7s
[step   9150/15000] loss=0.5112 | lr=5.59e-05 | 22.9s
[step   9200/15000] loss=0.5120 | lr=5.50e-05 | 23.0s
[step   9250/15000] loss=0.5011 | lr=5.42e-05 | 22.3s
[step   9300/15000] loss=0.5054 | lr=5.34e-05 | 22.5s
[step   9350/15000] loss=0.4836 | lr=5.26e-05 | 22.8s
[step   9400/15000] loss=0.5099 | lr=5.18e-05 | 22.7s
[step   9450/15000] loss=0.4752 | lr=5.10e-05 | 22.1s
[step   9500/15000] loss=0.4879 | lr=5.02e-05 | 22.7s
[step   9550/15000] loss=0.5193 | lr=4.94e-05 | 22.4s
[step   9600/15000] loss=0.4965 | lr=4.86e-05 | 22.2s
[step   9650/15000] loss=0.5136 | lr=4.79e-05 | 22.5s
[step   9700/15000] loss=0.4922 | lr=4.71e-05 | 22.2s
[step   9750/15000] loss=0.5071 | lr=4.63e-05 | 22.6s
[step   9800/15000] loss=0.4962 | lr=4.55e-05 | 22.0s
[step   9850/15000] loss=0.5105 | lr=4.48e-05 | 22.8s
[step   9900/15000] loss=0.5124 | lr=4.40e-05 | 23.0s
[step   9950/15000] loss=0.4899 | lr=4.32e-05 | 22.1s
[step  10000/15000] loss=0.5101 | lr=4.25e-05 | 22.7s
[step  10050/15000] loss=0.5105 | lr=4.17e-05 | 22.1s
[step  10100/15000] loss=0.4757 | lr=4.10e-05 | 22.7s
[step  10150/15000] loss=0.4862 | lr=4.02e-05 | 21.7s
[step  10200/15000] loss=0.5043 | lr=3.95e-05 | 22.6s
[step  10250/15000] loss=0.4919 | lr=3.87e-05 | 23.0s
[step  10300/15000] loss=0.5082 | lr=3.80e-05 | 22.4s
[step  10350/15000] loss=0.5067 | lr=3.73e-05 | 22.9s
[step  10400/15000] loss=0.4686 | lr=3.65e-05 | 21.8s
[step  10450/15000] loss=0.5087 | lr=3.58e-05 | 22.9s
[step  10500/15000] loss=0.5089 | lr=3.51e-05 | 21.9s
[step  10550/15000] loss=0.5162 | lr=3.44e-05 | 22.8s
[step  10600/15000] loss=0.4901 | lr=3.37e-05 | 22.6s
[step  10650/15000] loss=0.4849 | lr=3.30e-05 | 22.2s
[step  10700/15000] loss=0.4868 | lr=3.23e-05 | 22.6s
[step  10750/15000] loss=0.4991 | lr=3.16e-05 | 22.4s
[step  10800/15000] loss=0.5010 | lr=3.09e-05 | 23.2s
  💾 Checkpoint → /data/data_taohy/modelReShow/mum/checkpoints/mum_0730-133650_step10800.pth
[step  10850/15000] loss=0.5060 | lr=3.02e-05 | 22.5s
[step  10900/15000] loss=0.4962 | lr=2.96e-05 | 23.4s
[step  10950/15000] loss=0.4860 | lr=2.89e-05 | 23.1s
[step  11000/15000] loss=0.4710 | lr=2.82e-05 | 22.7s
[step  11050/15000] loss=0.4934 | lr=2.76e-05 | 22.3s
[step  11100/15000] loss=0.5092 | lr=2.69e-05 | 21.9s
[step  11150/15000] loss=0.5248 | lr=2.63e-05 | 22.6s
[step  11200/15000] loss=0.4841 | lr=2.57e-05 | 21.7s
[step  11250/15000] loss=0.4953 | lr=2.50e-05 | 22.9s
[step  11300/15000] loss=0.5065 | lr=2.44e-05 | 22.9s
[step  11350/15000] loss=0.4791 | lr=2.38e-05 | 21.9s
[step  11400/15000] loss=0.5151 | lr=2.32e-05 | 22.5s
[step  11450/15000] loss=0.4897 | lr=2.26e-05 | 22.3s
[step  11500/15000] loss=0.4806 | lr=2.20e-05 | 22.6s
[step  11550/15000] loss=0.4996 | lr=2.14e-05 | 21.7s
[step  11600/15000] loss=0.5032 | lr=2.08e-05 | 22.8s
[step  11650/15000] loss=0.5191 | lr=2.02e-05 | 22.7s
[step  11700/15000] loss=0.4807 | lr=1.96e-05 | 22.6s
[step  11750/15000] loss=0.4759 | lr=1.91e-05 | 22.5s
[step  11800/15000] loss=0.4741 | lr=1.85e-05 | 22.1s
[step  11850/15000] loss=0.5002 | lr=1.80e-05 | 22.8s
[step  11900/15000] loss=0.5051 | lr=1.74e-05 | 21.7s
[step  11950/15000] loss=0.5031 | lr=1.69e-05 | 23.0s
[step  12000/15000] loss=0.4842 | lr=1.64e-05 | 22.8s
[step  12050/15000] loss=0.5024 | lr=1.58e-05 | 22.3s
[step  12100/15000] loss=0.4824 | lr=1.53e-05 | 22.9s
[step  12150/15000] loss=0.5039 | lr=1.48e-05 | 22.4s
[step  12200/15000] loss=0.5057 | lr=1.43e-05 | 23.2s
[step  12250/15000] loss=0.4895 | lr=1.38e-05 | 22.2s
[step  12300/15000] loss=0.4832 | lr=1.33e-05 | 22.8s
[step  12350/15000] loss=0.4684 | lr=1.29e-05 | 22.6s
[step  12400/15000] loss=0.5046 | lr=1.24e-05 | 22.2s
[step  12450/15000] loss=0.4918 | lr=1.19e-05 | 22.7s
[step  12500/15000] loss=0.4973 | lr=1.15e-05 | 22.0s
[step  12550/15000] loss=0.4842 | lr=1.11e-05 | 23.0s
[step  12600/15000] loss=0.4433 | lr=1.06e-05 | 22.1s
  💾 Checkpoint → /data/data_taohy/modelReShow/mum/checkpoints/mum_0730-133650_step12600.pth
[step  12650/15000] loss=0.5001 | lr=1.02e-05 | 23.3s
[step  12700/15000] loss=0.4939 | lr=9.77e-06 | 22.3s
[step  12750/15000] loss=0.5207 | lr=9.36e-06 | 22.0s
[step  12800/15000] loss=0.4908 | lr=8.96e-06 | 23.0s
[step  12850/15000] loss=0.4783 | lr=8.56e-06 | 22.4s
[step  12900/15000] loss=0.5043 | lr=8.17e-06 | 22.8s
[step  12950/15000] loss=0.4912 | lr=7.80e-06 | 22.2s
[step  13000/15000] loss=0.4956 | lr=7.43e-06 | 23.2s
[step  13050/15000] loss=0.5070 | lr=7.07e-06 | 22.5s
[step  13100/15000] loss=0.5027 | lr=6.71e-06 | 22.2s
[step  13150/15000] loss=0.4941 | lr=6.37e-06 | 22.9s
[step  13200/15000] loss=0.5035 | lr=6.04e-06 | 22.1s
[step  13250/15000] loss=0.4856 | lr=5.71e-06 | 22.7s
[step  13300/15000] loss=0.4888 | lr=5.39e-06 | 21.8s
[step  13350/15000] loss=0.4940 | lr=5.08e-06 | 23.0s
[step  13400/15000] loss=0.5085 | lr=4.78e-06 | 22.7s
[step  13450/15000] loss=0.4946 | lr=4.49e-06 | 22.4s
[step  13500/15000] loss=0.4812 | lr=4.21e-06 | 22.8s
[step  13550/15000] loss=0.4955 | lr=3.94e-06 | 21.9s
[step  13600/15000] loss=0.4857 | lr=3.67e-06 | 22.6s
[step  13650/15000] loss=0.4779 | lr=3.42e-06 | 22.1s
[step  13700/15000] loss=0.5045 | lr=3.17e-06 | 23.1s
[step  13750/15000] loss=0.4941 | lr=2.93e-06 | 22.7s
[step  13800/15000] loss=0.4924 | lr=2.70e-06 | 22.2s
[step  13850/15000] loss=0.5156 | lr=2.48e-06 | 23.5s
[step  13900/15000] loss=0.4902 | lr=2.27e-06 | 22.1s
[step  13950/15000] loss=0.4637 | lr=2.07e-06 | 22.7s
[step  14000/15000] loss=0.4729 | lr=1.88e-06 | 22.1s
[step  14050/15000] loss=0.4752 | lr=1.70e-06 | 22.9s
[step  14100/15000] loss=0.5096 | lr=1.52e-06 | 22.6s
[step  14150/15000] loss=0.4904 | lr=1.36e-06 | 21.9s
[step  14200/15000] loss=0.4874 | lr=1.21e-06 | 22.9s
[step  14250/15000] loss=0.5093 | lr=1.06e-06 | 22.1s
[step  14300/15000] loss=0.4855 | lr=9.23e-07 | 23.3s
[step  14350/15000] loss=0.4953 | lr=7.96e-07 | 21.8s
[step  14400/15000] loss=0.4735 | lr=6.79e-07 | 22.6s
  💾 Checkpoint → /data/data_taohy/modelReShow/mum/checkpoints/mum_0730-133650_step14400.pth
[step  14450/15000] loss=0.4935 | lr=5.70e-07 | 23.0s
[step  14500/15000] loss=0.4840 | lr=4.72e-07 | 22.3s
[step  14550/15000] loss=0.5102 | lr=3.82e-07 | 22.8s
[step  14600/15000] loss=0.4949 | lr=3.02e-07 | 22.4s
[step  14650/15000] loss=0.4896 | lr=2.31e-07 | 22.9s
[step  14700/15000] loss=0.5045 | lr=1.70e-07 | 22.2s
[step  14750/15000] loss=0.4872 | lr=1.18e-07 | 22.7s
[step  14800/15000] loss=0.4683 | lr=7.55e-08 | 23.1s
[step  14850/15000] loss=0.4789 | lr=4.25e-08 | 21.8s
[step  14900/15000] loss=0.4835 | lr=1.89e-08 | 22.7s
[step  14950/15000] loss=0.4843 | lr=4.72e-09 | 22.0s
[step  15000/15000] loss=0.5028 | lr=0.00e+00 | 22.6s
  💾 Final → /data/data_taohy/modelReShow/mum/checkpoints/mum_0730-133650_final_step15000.pth
wandb: uploading checkpoints/mum_0730-133650_final_step15000.pth; updating run config
wandb: uploading checkpoints/mum_0730-133650_final_step15000.pth; uploading output.log; uploading wandb-summary.json; uploading checkpoints/mum_0730-133650_step5400.pth; uploading checkpoints/mum_0730-133650_step1800.pth (+ 5 more)
